(7.0;1.0) -
1 75.0 (7.5;7.5)
1 75.0 (7.8;7.8)
1 75.0 (8.0;8.0)
(7.0;1.0) 1 true
1 75.0 (8.3;8.3)
(7.6;4.3) 1 true
1 75.0 (8.6;8.6)
(8.3;7.5) 1 true
1 55.0 (8.8;8.8)
2 55.0 (8.8;8.8)
