1 75.0 (3.6;3.6)
1 75.0 (4.9;4.9)
1 75.0 (6.2;6.2)
1 75.0 (7.5;7.5)
1 75.0 (8.8;8.8)
1 75.0 (10.1;10.1)
1 75.0 (11.4;11.4)
1 75.0 (12.7;12.7)
