1 75.0 (3.6;3.6)
1 75.0 (4.9;4.9)
1 75.0 (6.2;6.2)
1 75.0 (7.0;7.0)
1 75.0 (7.6;7.6)
1 75.0 (8.3;8.3)
1 75.0 (8.9;8.9)
1 75.0 (9.6;9.6)
